Session is created.
ID: 11441755629850234489
Task: Prove exactly one Lean 4.31 declaration in AlexeyMilovanov/vm.

Base commit: 2697881ce5ccdc8b6bb6d145d1f0ae8f0f189de9 on main. First check git rev-parse HEAD. If it differs,
reply exactly BASE_COMMIT_MISMATCH and stop.

Target: HStar_le_Bank in HeadComplexity/TypicalLogCloseness/Bank.lean. It contains exactly one sorry.
The other sorry declarations belong to parallel Jules sessions.

Audited mathematical route and local API hints:
Take the minimal spanning bank and apply FixedBankSpans to the signed table v(x)=if f x then 1 else -1. Convert each quotient A_h/B_h with B_h.StrictAdmissible to one FracAtom. Positive slopes use exists_fracAtom_eval_eq; for negative common slopes prove the analogous construction with 0<α<1 (or complement the Boolean variables). Sum gives fracComputable n (Bank n) f with bias 0, then use HStar_le_of_fracComputable.

Rules:
1. Preserve every existing statement exactly and remove only the target sorry.
   You may add honest fully proved private helpers immediately above it.
2. Do not edit another existing declaration. Do not weaken hypotheses or the
   conclusion. Do not rename canonical POIC2 back to the relaxed invariant.
3. Forbidden: sorry in a claimed completed target, admit, axiom, unsafe,
   native_decide, set_option maxHeartbeats, and set_option maxRecDepth.
4. Inspect all neighbouring declarations and reuse repository/mathlib lemmas.
   Exact public statements of parallel targets may be used as dependencies.
5. Run `lake -Kjobs=1 build HeadComplexity/TypicalLogCloseness/Bank.lean` or the corresponding module.
   Warnings about other assigned sorries are expected.
6. If the complete proof is out of reach, keep the target sorry and commit
   only useful fully proved helpers. If the statement is false, add a precise
   BLOCKER_HStar_le_Bank.md instead of changing the theorem.

In the final report say whether the target is completely sorry-free and list
all changed files.
URL: https://jules.google.com/session/11441755629850234489
