Session is created.
ID: 1085648981445532012
Task: Prove exactly one Lean 4.31 declaration in AlexeyMilovanov/vm.

Base commit: 2697881ce5ccdc8b6bb6d145d1f0ae8f0f189de9 on main. First check git rev-parse HEAD. If it differs,
reply exactly BASE_COMMIT_MISMATCH and stop.

Target: not_nonempty_f8NormalizedSystem in HeadComplexity/Separations/EightBitHammingThreshold.lean. It contains exactly one sorry.
The other sorry declarations belong to parallel Jules sessions.

Audited mathematical route and local API hints:
Assume a normalized system. Apply the column-max spectral inequality to the matrix arising from the U,V normalization (prove its positive diagonal symmetrizability and two-positive-index property from V_inertia and slope data). Sum the contraction inequalities at the chosen off-diagonal maximizers. Combine with null/intercept and positive slope fields to obtain the opposite nonpositive trace-plus-column-max bound. Finish by linarith/Finset sum rearrangement.

Rules:
1. Preserve every existing statement exactly and remove only the target sorry.
   You may add honest fully proved private helpers immediately above it.
2. Do not edit another existing declaration. Do not weaken hypotheses or the
   conclusion. Do not rename canonical POIC2 back to the relaxed invariant.
3. Forbidden: sorry in a claimed completed target, admit, axiom, unsafe,
   native_decide, set_option maxHeartbeats, and set_option maxRecDepth.
4. Inspect all neighbouring declarations and reuse repository/mathlib lemmas.
   Exact public statements of parallel targets may be used as dependencies.
5. Run `lake -Kjobs=1 build HeadComplexity/Separations/EightBitHammingThreshold.lean` or the corresponding module.
   Warnings about other assigned sorries are expected.
6. If the complete proof is out of reach, keep the target sorry and commit
   only useful fully proved helpers. If the statement is false, add a precise
   BLOCKER_not_nonempty_f8NormalizedSystem.md instead of changing the theorem.

In the final report say whether the target is completely sorry-free and list
all changed files.
URL: https://jules.google.com/session/1085648981445532012
