Session is created.
ID: 12076732890131890736
Task: Prove exactly one Lean 4.31 declaration in AlexeyMilovanov/vm.

Base commit: 2697881ce5ccdc8b6bb6d145d1f0ae8f0f189de9 on main. First check git rev-parse HEAD. If it differs,
reply exactly BASE_COMMIT_MISMATCH and stop.

Target: thresholdDeg_f8 in HeadComplexity/Separations/EightBitHammingThreshold.lean. It contains exactly one sorry.
The other sorry declarations belong to parallel Jules sessions.

Audited mathematical route and local API hints:
Use f8_thresholdDegLE_two for ≤2 and f8_not_thresholdDegLE_one for not ≤1. Unfold thresholdDeg only through existing minimality/specification lemmas. Rule out 0 and 1 and conclude equality by omega.

Rules:
1. Preserve every existing statement exactly and remove only the target sorry.
   You may add honest fully proved private helpers immediately above it.
2. Do not edit another existing declaration. Do not weaken hypotheses or the
   conclusion. Do not rename canonical POIC2 back to the relaxed invariant.
3. Forbidden: sorry in a claimed completed target, admit, axiom, unsafe,
   native_decide, set_option maxHeartbeats, and set_option maxRecDepth.
4. Inspect all neighbouring declarations and reuse repository/mathlib lemmas.
   Exact public statements of parallel targets may be used as dependencies.
5. Run `lake -Kjobs=1 build HeadComplexity/Separations/EightBitHammingThreshold.lean` or the corresponding module.
   Warnings about other assigned sorries are expected.
6. If the complete proof is out of reach, keep the target sorry and commit
   only useful fully proved helpers. If the statement is false, add a precise
   BLOCKER_thresholdDeg_f8.md instead of changing the theorem.

In the final report say whether the target is completely sorry-free and list
all changed files.
URL: https://jules.google.com/session/12076732890131890736
