Session is created.
ID: 7633147597132941644
Task: Prove exactly one Lean 4.31 declaration in AlexeyMilovanov/vm.

Base commit: 2697881ce5ccdc8b6bb6d145d1f0ae8f0f189de9 on main. First check git rev-parse HEAD. If it differs,
reply exactly BASE_COMMIT_MISMATCH and stop.

Target: two_heads_yield_f8NormalizedSystem in HeadComplexity/Separations/EightBitHammingThreshold.lean. It contains exactly one sorry.
The other sorry declarations belong to parallel Jules sessions.

Audited mathematical route and local API hints:
Unfold computableWithHeadsN via computableWithHeadsN_iff_fracComputable. Clear the two positive affine denominators, multilinearize the resulting quadratic sign polynomial, and apply f8_quadratic_mixed_negative. Normalize coefficients to the paper variables U,V,w,μ. Verify exactly the fields of F8NormalizedSystem: U+Uᵀ positive definite, V inertia (2,2), strict diagonal/contraction inequalities from all radius-0/1 vertices, positive left/right slopes, isotropic null equation, and intercept inequality. Add small algebraic helpers rather than changing the structure.

Rules:
1. Preserve every existing statement exactly and remove only the target sorry.
   You may add honest fully proved private helpers immediately above it.
2. Do not edit another existing declaration. Do not weaken hypotheses or the
   conclusion. Do not rename canonical POIC2 back to the relaxed invariant.
3. Forbidden: sorry in a claimed completed target, admit, axiom, unsafe,
   native_decide, set_option maxHeartbeats, and set_option maxRecDepth.
4. Inspect all neighbouring declarations and reuse repository/mathlib lemmas.
   Exact public statements of parallel targets may be used as dependencies.
5. Run `lake -Kjobs=1 build HeadComplexity/Separations/EightBitHammingThreshold.lean` or the corresponding module.
   Warnings about other assigned sorries are expected.
6. If the complete proof is out of reach, keep the target sorry and commit
   only useful fully proved helpers. If the statement is false, add a precise
   BLOCKER_two_heads_yield_f8NormalizedSystem.md instead of changing the theorem.

In the final report say whether the target is completely sorry-free and list
all changed files.
URL: https://jules.google.com/session/7633147597132941644
